 
****************************************
Report : timing
        -path full
        -delay max
        -max_paths 1
Design : anf_from_sp
Version: L-2016.03-SP1
Date   : Tue Jan 13 15:48:03 2026
****************************************

Operating Conditions: typical   Library: NangateOpenCellLibrary
Wire Load Model Mode: top

  Startpoint: x3 (input port)
  Endpoint: f4 (output port)
  Path Group: default
  Path Type: max

  Des/Clust/Port     Wire Load Model       Library
  ------------------------------------------------
  anf_from_sp        5K_hvratio_1_1        NangateOpenCellLibrary

  Point                                    Incr       Path
  -----------------------------------------------------------
  input external delay                   0.0000     0.0000 r
  x3 (in)                                0.0000     0.0000 r
  U87/ZN (NAND2_X1)                      0.0276     0.0276 f
  U88/ZN (NAND2_X1)                      0.0254     0.0530 r
  U89/ZN (NOR2_X1)                       0.0201     0.0731 f
  U92/ZN (OR2_X1)                        0.0520     0.1251 f
  U93/ZN (XNOR2_X1)                      0.0521     0.1772 f
  f4 (out)                               0.0019     0.1791 f
  data arrival time                                 0.1791

  max_delay                              0.1793     0.1793
  output external delay                  0.0000     0.1793
  data required time                                0.1793
  -----------------------------------------------------------
  data required time                                0.1793
  data arrival time                                -0.1791
  -----------------------------------------------------------
  slack (MET)                                       0.0002


1
 
****************************************
Report : timing
        -path full
        -delay min
        -max_paths 1
Design : anf_from_sp
Version: L-2016.03-SP1
Date   : Tue Jan 13 15:48:03 2026
****************************************

Operating Conditions: typical   Library: NangateOpenCellLibrary
Wire Load Model Mode: top

  Startpoint: x1 (input port)
  Endpoint: f0 (output port)
  Path Group: (none)
  Path Type: min

  Des/Clust/Port     Wire Load Model       Library
  ------------------------------------------------
  anf_from_sp        5K_hvratio_1_1        NangateOpenCellLibrary

  Point                                    Incr       Path
  -----------------------------------------------------------
  input external delay                   0.0000     0.0000 r
  x1 (in)                                0.0000     0.0000 r
  U69/ZN (NAND2_X1)                      0.0248     0.0248 f
  U70/ZN (NAND2_X1)                      0.0231     0.0479 r
  f0 (out)                               0.0019     0.0498 r
  data arrival time                                 0.0498
  -----------------------------------------------------------
  (Path is unconstrained)


1
